[cashflowpositif.com/index2c14.html]
[backblue.gif]
[fade.gif]
[index.html]
[connect.facebook.net/en_US/fbevents.js]
[cashflowpositif.com/wp-content/plugins/gum-elementor-addon/css/style32d4.css]
[cashflowpositif.com/wp-content/themes/astra/assets/css/minified/main.min9bfc.css]
[cashflowpositif.com/wp-content/plugins/header-footer-elementor/inc/widgets-css/frontend4250.css]
[cashflowpositif.com/index.html]
[cashflowpositif.com/wp-content/plugins/jeg-elementor-kit/assets/css/elements/main41fe.css]
[cashflowpositif.com/wp-content/plugins/betterdocs/assets/blocks/category-slate-layout/default5462.css]
[cashflowpositif.com/feed/index.html]
[cashflowpositif.com/wp-content/plugins/page-builder-add/styles/admin-csm-menu-styles32d4.css]
[cashflowpositif.com/wp-content/plugins/addon-elements-for-elementor-page-builder/assets/css/eae.minb171.css]
[cashflowpositif.com/wp-content/plugins/addon-elements-for-elementor-page-builder/assets/lib/peel/peelb171.css]
[cashflowpositif.com/wp-content/plugins/elementor/assets/lib/font-awesome/css/v4-shims.min5152.css]
[cashflowpositif.com/wp-content/plugins/elementor/assets/lib/font-awesome/css/all.min5152.css]
[cashflowpositif.com/comments/feed/index.html]
[cashflowpositif.com/wp-content/plugins/addon-elements-for-elementor-page-builder/assets/lib/vegas/vegas.min8d5a.css]
[cashflowpositif.com/wp-content/plugins/header-footer-elementor/assets/css/header-footer-elementor4250.css]
[cashflowpositif.com/wp-content/plugins/elementor/assets/css/frontend.min4bf6.css]
[cashflowpositif.com/wp-content/uploads/2024/11/Interface-de-lapplication-Cash-Flow-Positif.png]
[cashflowpositif.com/wp-content/uploads/2024/04/erwan_f-min.jpg]
[cashflowpositif.com/wp-content/uploads/2024/04/lea_a-min.jpg]
[cashflowpositif.com/wp-content/uploads/2024/05/emilie_vaivrand-min-1.jpg]
[cashflowpositif.com/wp-content/uploads/2024/07/roubaix_img.jpg]
[cashflowpositif.com/wp-content/uploads/2024/07/poitiers_img.jpg]
[cashflowpositif.com/wp-content/uploads/2024/07/belfort_img.jpg]
[cashflowpositif.com/wp-content/uploads/2024/07/perrone_img.jpg]
[cashflowpositif.com/wp-content/uploads/2021/11/image-1-min.jpg]
[cashflowpositif.com/wp-content/uploads/2024/11/iPad-Pro-12.9_-2.png]
[cashflowpositif.com/wp-content/uploads/2024/11/test-4-e1731078532286.png]
[cashflowpositif.com/wp-content/plugins/elementor/assets/css/widget-heading.min4bf6.css]
[cashflowpositif.com/wp-content/plugins/elementor/assets/css/widget-icon-box.min4bf6.css]
[cashflowpositif.com/wp-content/plugins/elementor/assets/lib/animations/styles/fadeIn.min4bf6.css]
[cashflowpositif.com/wp-content/plugins/elementor/assets/lib/animations/styles/fadeInUp.min4bf6.css]
[cashflowpositif.com/wp-content/plugins/elementor/assets/css/widget-spacer.min4bf6.css]
[cashflowpositif.com/wp-content/plugins/elementor/assets/css/widget-image-box.min4bf6.css]
[cashflowpositif.com/wp-content/plugins/elementor/assets/lib/animations/styles/e-animation-grow.min4bf6.css]
[cashflowpositif.com/wp-content/plugins/elementor/assets/lib/swiper/v8/css/swiper.min94a4.css]
[cashflowpositif.com/wp-content/plugins/elementor/assets/css/conditionals/e-swiper.min4bf6.css]
[cashflowpositif.com/wp-content/plugins/elementor-pro/assets/css/widget-testimonial-carousel.min7ddb.css]
[cashflowpositif.com/wp-content/plugins/elementor-pro/assets/css/widget-carousel-module-base.min7ddb.css]
[cashflowpositif.com/wp-content/plugins/elementor/assets/css/widget-accordion.min4bf6.css]
[cashflowpositif.com/wp-content/plugins/elementor/assets/css/widget-icon-list.min4bf6.css]
[cashflowpositif.com/wp-content/plugins/metform/public/assets/lib/cute-alert/stylea871.css]
[cashflowpositif.com/wp-content/plugins/metform/public/assets/css/text-editora871.css]
[cashflowpositif.com/wp-content/plugins/betterdocs/assets/elementor/css/betterdocs-el-edit5462.css]
[cashflowpositif.com/wp-content/tablepress-combined.min671a.css]
[cashflowpositif.com/wp-content/plugins/elementor/assets/lib/eicons/css/elementor-icons.min705c.css]
[cashflowpositif.com/wp-content/plugins/elementor/assets/css/widget-icon-list.min44b4.css]
[cashflowpositif.com/wp-content/plugins/elementor/assets/css/widget-social-icons.min2401.css]
[cashflowpositif.com/wp-content/plugins/elementor/assets/lib/font-awesome/css/brands52d5.css]
[cashflowpositif.com/wp-content/plugins/elementor/assets/lib/font-awesome/css/fontawesome52d5.css]
[cashflowpositif.com/wp-content/plugins/elementor/assets/lib/font-awesome/css/solid52d5.css]
[cashflowpositif.com/wp-content/plugins/elementor-pro/assets/css/widget-blockquote.min503b.css]
[cashflowpositif.com/wp-content/plugins/elementor-pro/assets/css/widget-mega-menu.min9e35.css]
[cashflowpositif.com/wp-content/plugins/elementor-pro/assets/css/widget-nav-menu.min42e3.css]
[cashflowpositif.com/wp-content/plugins/elementskit-lite/widgets/init/assets/css/widget-styles87e3.css]
[cashflowpositif.com/wp-content/plugins/elementskit-lite/widgets/init/assets/css/responsive87e3.css]
[cashflowpositif.com/wp-content/uploads/elementor/google-fonts/css/roboto266b.css]
[cashflowpositif.com/wp-content/uploads/elementor/google-fonts/css/robotoslab5255.css]
[cashflowpositif.com/wp-content/uploads/elementor/google-fonts/css/poppins64f2.css]
[cashflowpositif.com/wp-content/plugins/elementskit-lite/modules/elementskit-icon-pack/assets/css/ekiticons87e3.css]
[cashflowpositif.com/wp-content/plugins/jeg-elementor-kit/assets/fonts/jkiticon/jkiticon41fe.css]
[cashflowpositif.com/wp-content/plugins/skyboot-custom-icons-for-elementor/assets/css/themifyf488.css]
[cashflowpositif.com/wp-content/plugins/skyboot-custom-icons-for-elementor/assets/css/elegantf488.css]
[cashflowpositif.com/wp-content/themes/astra/assets/js/minified/flexibility.min9bfc.js]
[cashflowpositif.com/wp-content/plugins/addon-elements-for-elementor-page-builder/assets/js/iconHelper5152.js]
[cashflowpositif.com/wp-includes/js/jquery/jquery.minf43b.js]
[cashflowpositif.com/wp-includes/js/jquery/jquery-migrate.min5589.js]
[cashflowpositif.com/wp-json/index.html]
[cashflowpositif.com/wp-json/wp/v2/pages/8750.json]
[cashflowpositif.com/xmlrpc0db0.php]
[cashflowpositif.com/wp-json/oembed/1.0/embed235f.json]
[cashflowpositif.com/wp-json/oembed/1.0/embed10c5]
[cashflowpositif.com/wp-content/uploads/2024/06/cropped-Trouvez-un-investissement-immobilier-rentable-en-temps-de-crise-12-32x32.png]
[cashflowpositif.com/wp-content/uploads/2024/06/cropped-Trouvez-un-investissement-immobilier-rentable-en-temps-de-crise-12-192x192.png]
[cashflowpositif.com/wp-content/uploads/2024/06/cropped-Trouvez-un-investissement-immobilier-rentable-en-temps-de-crise-12-180x180.png]
[cashflowpositif.com/wp-content/uploads/2024/05/Logo-CFP-white-160x32.png]
[cashflowpositif.com/wp-content/uploads/trustindex-google-widget05a1.css]
[cashflowpositif.com/wp-content/uploads/elementor/thumbs/Design-sans-titre-25-qmjwwwkttq961s6l6fh5xdnil2orw2d92nmrlgnhvk.png]
[cashflowpositif.com/wp-content/uploads/elementor/thumbs/Design-sans-titre-26-qmjwwup5g26lek9bhenwse4leay1go5seebsmwqa80.png]
[cashflowpositif.com/projects/index.html]
[cashflowpositif.com/wp-content/uploads/elementor/thumbs/Design-sans-titre-30-qmjx3cqypt2zpgtcipu0j92db8wfpayyakrp4t396o.png]
[cashflowpositif.com/wp-content/uploads/elementor/thumbs/Design-sans-titre-27-qmjwwtrb985b2yaomw9a7wd4sx2o8z2229ob5mroe8.png]
[cashflowpositif.com/wp-content/uploads/elementor/thumbs/Design-sans-titre-28-qmjwwrvmvk2qfqdexvg12wu7m5bxtkule0dc72ugqo.png]
[cashflowpositif.com/wp-content/uploads/elementor/thumbs/Design-sans-titre-29-qmjwwpzyhw05sig58umrxxbafdl7e6n4pr2d8ix934.png]
[cashflowpositif.com/equipe-cash-flow-positif/index.html]
[cashflowpositif.com/wp-content/uploads/2024/09/podmatch-UpiF461EAHU-unsplash-scaled.jpg]
[cashflowpositif.com/wp-content/uploads/2024/06/Achraf.jpg]
[cashflowpositif.com/wp-content/uploads/2024/06/Fu-Chang.jpg]
[cc.cdn.civiccomputing.com/9/cookieControl-9.x.min.js]
[cashflowpositif.com/about/index.html]
[cashflowpositif.com/articles/index.html]
[cashflowpositif.com/garanties-cash-flow-positif/index.html]
[cashflowpositif.com/window.location.54.delayed]
[cashflowpositif.com/prendre-rendez-vous/index.html]
[www.google-analytics.com/analytics.js]
[cashflowpositif.com/livre-blanc-guide-dinvestissement-locatif/index.html]
[cashflowpositif.com/cash-flow-positif-vs-ses-concurrents/index.html]
[cashflowpositif.com/campagne-immeuble-2025/index4e4f.html]
[snap.licdn.com/li.lms-analytics/insight.min.js]
[cashflowpositif.com/faq/index.html]
[cashflowpositif.com/wp-content/uploads/2024/10/Livre-Blanc-CFP.pdf]
[cashflowpositif.com/mentions-legales/index.html]
[cashflowpositif.com/confidentialite-2/index.html]
[cashflowpositif.com/conditions-generales-utilisation/index.html]
[cashflowpositif.com/wp-content/plugins/gum-elementor-addon/css/owl.carousel32d4.css]
[cashflowpositif.com/conditions-generales-vente/index.html]
[cashflowpositif.com/wp-includes/js/imagesloaded.minbb93.js]
[cashflowpositif.com/vos-donnees-personnelles/index.html]
[cashflowpositif.com/wp-includes/js/masonry.min3a05.js]
[cashflowpositif.com/partner/index.html]
[cashflowpositif.com/wp-content/plugins/betterdocs/assets/blocks/categorygrid/frontend136b.js]
[cashflowpositif.com/contact-presse/index.html]
[cashflowpositif.com/investissement-locatif-avenir/index.html]
[cashflowpositif.com/wp-content/themes/astra/assets/js/minified/frontend.min9bfc.js]
[cashflowpositif.com/wp-content/plugins/addon-elements-for-elementor-page-builder/assets/js/eae.minb171.js]
[cashflowpositif.com/wp-content/plugins/addon-elements-for-elementor-page-builder/build/index.minb171.js]
[cashflowpositif.com/cash-flow-positif-vs-masteos/index.html]
[cashflowpositif.com/wp-content/plugins/elementor/assets/lib/font-awesome/js/v4-shims.min5152.js]
[cashflowpositif.com/wp-content/plugins/addon-elements-for-elementor-page-builder/assets/js/animated-main.min5152.js]
[cashflowpositif.com/wp-content/plugins/addon-elements-for-elementor-page-builder/assets/js/particles.min001e.js]
[cashflowpositif.com/wp-content/plugins/addon-elements-for-elementor-page-builder/assets/lib/magnific.minf488.js]
[cashflowpositif.com/cash-flow-positif-vs-investissement-locatif/index.html]
[cashflowpositif.com/wp-content/plugins/addon-elements-for-elementor-page-builder/assets/lib/vegas/vegas.min8d5a.js]
[cashflowpositif.com/wp-content/plugins/elementor/assets/js/webpack.runtime.min4bf6.js]
[cashflowpositif.com/cash-flow-positif-vs-beanstock/index.html]
[cashflowpositif.com/wp-content/plugins/elementor/assets/js/frontend-modules.min4bf6.js]
[cashflowpositif.com/wp-includes/js/jquery/ui/core.minb37e.js]
[cashflowpositif.com/wp-content/plugins/elementor/assets/js/frontend.min4bf6.js]
[cashflowpositif.com/wp-content/plugins/elementor/assets/lib/swiper/v8/swiper.min94a4.js]
[cashflowpositif.com/wp-content/plugins/metform/public/assets/lib/cute-alert/cute-alerta871.js]
[cashflowpositif.com/wp-content/plugins/betterdocs/assets/elementor/js/editorfe14.js]
[cashflowpositif.com/wp-content/plugins/elementskit-lite/libs/framework/assets/js/frontend-script87e3.js]
[cashflowpositif.com/cash-flow-positif-vs-bevouac/index.html]
[cashflowpositif.com/wp-content/plugins/elementskit-lite/widgets/init/assets/js/widget-scripts87e3.js]
[cashflowpositif.com/wp-content/plugins/jeg-elementor-kit/assets/js/elements/sticky-element41fe.js]
[cashflowpositif.com/wp-content/plugins/facebook-conversion-pixel/pixel-cat.min55a0.js]
[cashflowpositif.com/landing-page-immo/index.html]
[cashflowpositif.com/wp-content/plugins/facebook-conversion-pixel/video32d4.js]
[cashflowpositif.com/landing-page-sci/index.html]
[cashflowpositif.com/wp-content/plugins/gum-elementor-addon/js/jquery.easing.1.35152.js]
[cashflowpositif.com/wp-content/plugins/gum-elementor-addon/js/jquery.superslides5152.js]
[cashflowpositif.com/campagne-immeuble-2025/index.html]
[cashflowpositif.com/wp-content/plugins/gum-elementor-addon/js/allscripts5152.js]
[cashflowpositif.com/wp-content/plugins/gum-elementor-addon/js/owl.carousel.min77e6.js]
[cashflowpositif.com/wp-content/plugins/gum-elementor-addon/js/price-table5152.js]
[cashflowpositif.com/indexe2f2.html]
[cdn.trustindex.io/loader68b3.js]
[cashflowpositif.com/wp-content/plugins/elementor-pro/assets/js/webpack-pro.runtime.min7ddb.js]
[cashflowpositif.com/wp-includes/js/dist/hooks.min4fdd.js]
[cashflowpositif.com/wp-includes/js/dist/i18n.minc33c.js]
[cashflowpositif.com/wp-content/plugins/elementor-pro/assets/js/frontend.min7ddb.js]
[cashflowpositif.com/wp-content/plugins/elementor-pro/assets/js/elements-handlers.min7ddb.js]
[cashflowpositif.com/wp-content/plugins/elementskit-lite/widgets/init/assets/js/animate-circle.min87e3.js]
[cashflowpositif.com/wp-content/plugins/elementskit-lite/widgets/init/assets/js/elementor87e3.js]
[cashflowpositif.com/index2c14.html]
[cashflowpositif.com/signals/config/index.html]
[cashflowpositif.com/b.resolvedLink]
[cashflowpositif.com/signals/plugins/index.html]
[cashflowpositif.com/schema.org/index.html]
[cashflowpositif.com/signals/iwl.js]
[cashflowpositif.com/deficit-foncier-tout-savoir/index.html]
[cashflowpositif.com/signals/iwl0fc5.js]
[cashflowpositif.com/c.dl]
[cashflowpositif.com/c.rl]
[connect.facebook.net/en_US/fbevents.js]
[cashflowpositif.com/index.html]
[cashflowpositif.com/wp-content/plugins/gum-elementor-addon/css/style32d4.css]
[cashflowpositif.com/wp-content/themes/astra/assets/css/minified/main.min9bfc.css]
[cashflowpositif.com/wp-content/plugins/header-footer-elementor/inc/widgets-css/frontend4250.css]
[cashflowpositif.com/wp-content/plugins/jeg-elementor-kit/assets/img/letter-x.svg]
[cashflowpositif.com/wp-content/plugins/jeg-elementor-kit/assets/css/elements/main41fe.css]
[cashflowpositif.com/wp-content/plugins/betterdocs/assets/blocks/category-slate-layout/default5462.css]
[cashflowpositif.com/wp-content/plugins/page-builder-add/styles/admin-csm-menu-styles32d4.css]
[cashflowpositif.com/wp-content/plugins/addon-elements-for-elementor-page-builder/assets/css/arrow-left.svg]
[cashflowpositif.com/wp-content/plugins/addon-elements-for-elementor-page-builder/assets/css/arrow-right.svg]
[cashflowpositif.com/wp-content/plugins/addon-elements-for-elementor-page-builder/assets/digit-sep-svg.svg]
[cashflowpositif.com/wp-content/plugins/addon-elements-for-elementor-page-builder/assets/digits-svg-alpha.svg]
[cashflowpositif.com/wp-content/plugins/addon-elements-for-elementor-page-builder/assets/css/eae.minb171.css]
[cashflowpositif.com/wp-content/plugins/addon-elements-for-elementor-page-builder/assets/lib/peel/peelb171.css]
[cashflowpositif.com/wp-content/plugins/elementor/assets/lib/font-awesome/css/v4-shims.min5152.css]
[cashflowpositif.com/wp-content/plugins/elementor/assets/lib/font-awesome/webfonts/fa-brands-400.eot]
[cashflowpositif.com/wp-content/plugins/elementor/assets/lib/font-awesome/webfonts/fa-brands-400.woff2]
[cashflowpositif.com/wp-content/plugins/elementor/assets/lib/font-awesome/webfonts/fa-brands-400d41d.eot]
[cashflowpositif.com/wp-content/plugins/elementor/assets/lib/font-awesome/webfonts/fa-brands-400.woff]
[cashflowpositif.com/wp-content/plugins/elementor/assets/lib/font-awesome/webfonts/fa-brands-400.ttf]
[cashflowpositif.com/wp-content/plugins/elementor/assets/lib/font-awesome/webfonts/fa-brands-400.svg]
[cashflowpositif.com/wp-content/plugins/elementor/assets/lib/font-awesome/webfonts/fa-regular-400.eot]
[cashflowpositif.com/wp-content/plugins/elementor/assets/lib/font-awesome/webfonts/fa-regular-400d41d.eot]
[cashflowpositif.com/wp-content/plugins/elementor/assets/lib/font-awesome/webfonts/fa-regular-400.woff2]
[cashflowpositif.com/wp-content/plugins/elementor/assets/lib/font-awesome/webfonts/fa-regular-400.woff]
[cashflowpositif.com/wp-content/plugins/elementor/assets/lib/font-awesome/webfonts/fa-regular-400.ttf]
[cashflowpositif.com/wp-content/plugins/elementor/assets/lib/font-awesome/webfonts/fa-regular-400.svg]
[cashflowpositif.com/wp-content/plugins/elementor/assets/lib/font-awesome/webfonts/fa-solid-900.eot]
[cashflowpositif.com/wp-content/plugins/elementor/assets/lib/font-awesome/webfonts/fa-solid-900d41d.eot]
[cashflowpositif.com/wp-content/plugins/elementor/assets/lib/font-awesome/webfonts/fa-solid-900.woff2]
[cashflowpositif.com/wp-content/plugins/elementor/assets/lib/font-awesome/webfonts/fa-solid-900.woff]
[cashflowpositif.com/wp-content/plugins/elementor/assets/lib/font-awesome/webfonts/fa-solid-900.ttf]
[cashflowpositif.com/wp-content/plugins/elementor/assets/lib/font-awesome/css/all.min5152.css]
[cashflowpositif.com/wp-content/plugins/addon-elements-for-elementor-page-builder/assets/lib/vegas/vegas.min8d5a.css]
[cashflowpositif.com/wp-content/plugins/header-footer-elementor/assets/css/header-footer-elementor4250.css]
[cashflowpositif.com/wp-content/plugins/elementor/assets/css/frontend.min4bf6.css]
[cashflowpositif.com/wp-content/plugins/elementor/assets/css/widget-heading.min4bf6.css]
[cashflowpositif.com/wp-content/plugins/elementor/assets/css/widget-icon-box.min4bf6.css]
[cashflowpositif.com/wp-content/plugins/elementor/assets/lib/animations/styles/fadeIn.min4bf6.css]
[cashflowpositif.com/wp-content/plugins/elementor/assets/lib/animations/styles/fadeInUp.min4bf6.css]
[cashflowpositif.com/wp-content/plugins/elementor/assets/css/widget-spacer.min4bf6.css]
[cashflowpositif.com/wp-content/plugins/elementor/assets/css/widget-image-box.min4bf6.css]
[cashflowpositif.com/wp-content/plugins/elementor/assets/lib/animations/styles/e-animation-grow.min4bf6.css]
[cashflowpositif.com/wp-content/plugins/elementor/assets/lib/swiper/v8/css/swiper.min94a4.css]
[cashflowpositif.com/wp-content/plugins/elementor/assets/css/conditionals/e-swiper.min4bf6.css]
[cashflowpositif.com/wp-content/plugins/elementor-pro/assets/css/widget-testimonial-carousel.min7ddb.css]
[cashflowpositif.com/wp-content/plugins/elementor-pro/assets/css/widget-carousel-module-base.min7ddb.css]
[cashflowpositif.com/wp-content/plugins/elementor/assets/css/widget-accordion.min4bf6.css]
[cashflowpositif.com/wp-content/plugins/elementor/assets/css/widget-icon-list.min4bf6.css]
[cashflowpositif.com/wp-content/plugins/metform/public/assets/lib/cute-alert/stylea871.css]
[cashflowpositif.com/wp-content/plugins/metform/public/assets/css/text-editora871.css]
[cashflowpositif.com/wp-content/plugins/betterdocs/assets/elementor/css/betterdocs-el-edit5462.css]
[cashflowpositif.com/wp-content/tablepress-combined.min671a.css]
[cashflowpositif.com/wp-content/plugins/elementor/assets/lib/font-awesome/webfonts/fa-solid-900.svg]
[cashflowpositif.com/wp-content/plugins/elementor/assets/lib/eicons/fonts/eicons7241.woff2]
[cashflowpositif.com/wp-content/plugins/elementor/assets/lib/eicons/fonts/eicons7241.eot]
[cashflowpositif.com/wp-content/plugins/elementor/assets/lib/eicons/fonts/eicons7241.woff]
[cashflowpositif.com/wp-content/plugins/elementor/assets/lib/eicons/fonts/eicons7241.ttf]
[cashflowpositif.com/wp-content/plugins/elementor/assets/lib/eicons/css/elementor-icons.min705c.css]
[cashflowpositif.com/wp-content/plugins/elementor/assets/css/widget-icon-list.min44b4.css]
[cashflowpositif.com/wp-content/plugins/elementor/assets/css/widget-social-icons.min2401.css]
[cashflowpositif.com/wp-content/plugins/elementor/assets/lib/font-awesome/css/brands52d5.css]
[cashflowpositif.com/wp-content/plugins/elementor/assets/lib/font-awesome/css/fontawesome52d5.css]
[cashflowpositif.com/wp-content/plugins/elementor/assets/lib/font-awesome/css/solid52d5.css]
[cashflowpositif.com/wp-content/plugins/elementor-pro/assets/css/widget-blockquote.min503b.css]
[cashflowpositif.com/wp-content/plugins/elementor-pro/assets/css/widget-mega-menu.min9e35.css]
[cashflowpositif.com/wp-content/plugins/elementor-pro/assets/css/widget-nav-menu.min42e3.css]
[cashflowpositif.com/wp-content/plugins/elementor/assets/lib/eicons/fonts/eicons7241.svg]
[cashflowpositif.com/wp-content/plugins/elementskit-lite/widgets/init/assets/img/arrow.png]
[cashflowpositif.com/wp-content/plugins/elementskit-lite/widgets/init/assets/img/sort_asc.png]
[cashflowpositif.com/wp-content/plugins/elementskit-lite/widgets/init/assets/img/sort_desc.png]
[cashflowpositif.com/wp-content/plugins/elementskit-lite/widgets/init/assets/img/sort_asc_disabled.png]
[cashflowpositif.com/wp-content/plugins/elementskit-lite/widgets/init/assets/img/cross-out.svg]
[cashflowpositif.com/wp-content/plugins/elementskit-lite/widgets/init/assets/css/widget-styles87e3.css]
[cashflowpositif.com/wp-content/plugins/elementskit-lite/widgets/init/assets/css/responsive87e3.css]
[cashflowpositif.com/wp-content/uploads/elementor/google-fonts/fonts/roboto-kfo5cnqeu92fr1mu53zec9_vu3r1gihoszmkc3kawzu.woff2]
[cashflowpositif.com/wp-content/uploads/elementor/google-fonts/fonts/roboto-kfo5cnqeu92fr1mu53zec9_vu3r1gihoszmkankawzu.woff2]
[cashflowpositif.com/wp-content/uploads/elementor/google-fonts/fonts/roboto-kfo5cnqeu92fr1mu53zec9_vu3r1gihoszmkcnkawzu.woff2]
[cashflowpositif.com/wp-content/uploads/elementor/google-fonts/fonts/roboto-kfo5cnqeu92fr1mu53zec9_vu3r1gihoszmkbxkawzu.woff2]
[cashflowpositif.com/wp-content/uploads/elementor/google-fonts/fonts/roboto-kfo5cnqeu92fr1mu53zec9_vu3r1gihoszmkenkawzu.woff2]
[cashflowpositif.com/wp-content/uploads/elementor/google-fonts/fonts/roboto-kfo5cnqeu92fr1mu53zec9_vu3r1gihoszmkahkawzu.woff2]
[cashflowpositif.com/wp-content/uploads/elementor/google-fonts/fonts/roboto-kfo5cnqeu92fr1mu53zec9_vu3r1gihoszmkcxkawzu.woff2]
[cashflowpositif.com/wp-content/uploads/elementor/google-fonts/fonts/roboto-kfo5cnqeu92fr1mu53zec9_vu3r1gihoszmkchkawzu.woff2]
[cashflowpositif.com/wp-content/uploads/elementor/google-fonts/fonts/roboto-kfo5cnqeu92fr1mu53zec9_vu3r1gihoszmkbnka.woff2]
[cashflowpositif.com/wp-content/uploads/elementor/google-fonts/fonts/roboto-kfo7cnqeu92fr1me7ksn66agldtyluama3gubgee.woff2]
[cashflowpositif.com/wp-content/uploads/elementor/google-fonts/fonts/roboto-kfo7cnqeu92fr1me7ksn66agldtyluama3iubgee.woff2]
[cashflowpositif.com/wp-content/uploads/elementor/google-fonts/fonts/roboto-kfo7cnqeu92fr1me7ksn66agldtyluama3cubgee.woff2]
[cashflowpositif.com/wp-content/uploads/elementor/google-fonts/fonts/roboto-kfo7cnqeu92fr1me7ksn66agldtyluama3-ubgee.woff2]
[cashflowpositif.com/wp-content/uploads/elementor/google-fonts/fonts/roboto-kfo7cnqeu92fr1me7ksn66agldtyluamawcubgee.woff2]
[cashflowpositif.com/wp-content/uploads/elementor/google-fonts/fonts/roboto-kfo7cnqeu92fr1me7ksn66agldtyluamaxkubgee.woff2]
[cashflowpositif.com/wp-content/uploads/elementor/google-fonts/fonts/roboto-kfo7cnqeu92fr1me7ksn66agldtyluama3oubgee.woff2]
[cashflowpositif.com/wp-content/uploads/elementor/google-fonts/fonts/roboto-kfo7cnqeu92fr1me7ksn66agldtyluama3kubgee.woff2]
[cashflowpositif.com/wp-content/uploads/elementor/google-fonts/fonts/roboto-kfo7cnqeu92fr1me7ksn66agldtyluama3yuba.woff2]
[cashflowpositif.com/wp-content/uploads/elementor/google-fonts/css/roboto266b.css]
[cashflowpositif.com/wp-content/uploads/elementor/google-fonts/fonts/robotoslab-bngmuxzytxpivibgjjsb6ufa5qw54a.woff2]
[cashflowpositif.com/wp-content/uploads/elementor/google-fonts/fonts/robotoslab-bngmuxzytxpivibgjjsb6ufj5qw54a.woff2]
[cashflowpositif.com/wp-content/uploads/elementor/google-fonts/fonts/robotoslab-bngmuxzytxpivibgjjsb6ufb5qw54a.woff2]
[cashflowpositif.com/wp-content/uploads/elementor/google-fonts/fonts/robotoslab-bngmuxzytxpivibgjjsb6ufo5qw54a.woff2]
[cashflowpositif.com/wp-content/uploads/elementor/google-fonts/fonts/robotoslab-bngmuxzytxpivibgjjsb6ufc5qw54a.woff2]
[cashflowpositif.com/wp-content/uploads/elementor/google-fonts/fonts/robotoslab-bngmuxzytxpivibgjjsb6ufd5qw54a.woff2]
[cashflowpositif.com/wp-content/uploads/elementor/google-fonts/fonts/robotoslab-bngmuxzytxpivibgjjsb6ufn5qu.woff2]
[cashflowpositif.com/wp-content/uploads/elementor/google-fonts/css/robotoslab5255.css]
[cashflowpositif.com/wp-content/uploads/elementor/google-fonts/fonts/poppins-pxiayp8kv8jhgfvrjjlme0tmmpkzsq.woff2]
[cashflowpositif.com/wp-content/uploads/elementor/google-fonts/fonts/poppins-pxiayp8kv8jhgfvrjjlme0tcmpi.woff2]
[cashflowpositif.com/wp-content/uploads/elementor/google-fonts/fonts/poppins-pxidyp8kv8jhgfvrjjlmv1pvgdeoceg.woff2]
[cashflowpositif.com/wp-content/uploads/elementor/google-fonts/fonts/poppins-pxidyp8kv8jhgfvrjjlmv1pvf9eo.woff2]
[cashflowpositif.com/wp-content/uploads/elementor/google-fonts/fonts/poppins-pxidyp8kv8jhgfvrjjlm21lvgdeoceg.woff2]
[cashflowpositif.com/wp-content/uploads/elementor/google-fonts/fonts/poppins-pxidyp8kv8jhgfvrjjlm21lvf9eo.woff2]
[cashflowpositif.com/wp-content/uploads/elementor/google-fonts/fonts/poppins-pxigyp8kv8jhgfvrjjlufntakpy.woff2]
[cashflowpositif.com/wp-content/uploads/elementor/google-fonts/fonts/poppins-pxigyp8kv8jhgfvrjjluchta.woff2]
[cashflowpositif.com/wp-content/uploads/elementor/google-fonts/fonts/poppins-pxidyp8kv8jhgfvrjjlmg1hvgdeoceg.woff2]
[cashflowpositif.com/wp-content/uploads/elementor/google-fonts/fonts/poppins-pxidyp8kv8jhgfvrjjlmg1hvf9eo.woff2]
[cashflowpositif.com/wp-content/uploads/elementor/google-fonts/fonts/poppins-pxidyp8kv8jhgfvrjjlmr19vgdeoceg.woff2]
[cashflowpositif.com/wp-content/uploads/elementor/google-fonts/fonts/poppins-pxidyp8kv8jhgfvrjjlmr19vf9eo.woff2]
[cashflowpositif.com/wp-content/uploads/elementor/google-fonts/fonts/poppins-pxidyp8kv8jhgfvrjjlmy15vgdeoceg.woff2]
[cashflowpositif.com/wp-content/uploads/elementor/google-fonts/fonts/poppins-pxidyp8kv8jhgfvrjjlmy15vf9eo.woff2]
[cashflowpositif.com/wp-content/uploads/elementor/google-fonts/fonts/poppins-pxidyp8kv8jhgfvrjjlm111vgdeoceg.woff2]
[cashflowpositif.com/wp-content/uploads/elementor/google-fonts/fonts/poppins-pxidyp8kv8jhgfvrjjlm111vf9eo.woff2]
[cashflowpositif.com/wp-content/uploads/elementor/google-fonts/fonts/poppins-pxidyp8kv8jhgfvrjjlm81xvgdeoceg.woff2]
[cashflowpositif.com/wp-content/uploads/elementor/google-fonts/fonts/poppins-pxidyp8kv8jhgfvrjjlm81xvf9eo.woff2]
[cashflowpositif.com/wp-content/uploads/elementor/google-fonts/fonts/poppins-pxigyp8kv8jhgfvrlptufntakpy.woff2]
[cashflowpositif.com/wp-content/uploads/elementor/google-fonts/fonts/poppins-pxigyp8kv8jhgfvrlptuchta.woff2]
[cashflowpositif.com/wp-content/uploads/elementor/google-fonts/fonts/poppins-pxibyp8kv8jhgfvrlfj_z1jlfc-k.woff2]
[cashflowpositif.com/wp-content/uploads/elementor/google-fonts/fonts/poppins-pxibyp8kv8jhgfvrlfj_z1xlfq.woff2]
[cashflowpositif.com/wp-content/uploads/elementor/google-fonts/fonts/poppins-pxibyp8kv8jhgfvrldz8z1jlfc-k.woff2]
[cashflowpositif.com/wp-content/uploads/elementor/google-fonts/fonts/poppins-pxibyp8kv8jhgfvrldz8z1xlfq.woff2]
[cashflowpositif.com/wp-content/uploads/elementor/google-fonts/fonts/poppins-pxieyp8kv8jhgfvrjjnecmne.woff2]
[cashflowpositif.com/wp-content/uploads/elementor/google-fonts/fonts/poppins-pxieyp8kv8jhgfvrjjfecg.woff2]
[cashflowpositif.com/wp-content/uploads/elementor/google-fonts/fonts/poppins-pxibyp8kv8jhgfvrlgt9z1jlfc-k.woff2]
[cashflowpositif.com/wp-content/uploads/elementor/google-fonts/fonts/poppins-pxibyp8kv8jhgfvrlgt9z1xlfq.woff2]
[cashflowpositif.com/wp-content/uploads/elementor/google-fonts/fonts/poppins-pxibyp8kv8jhgfvrlej6z1jlfc-k.woff2]
[cashflowpositif.com/wp-content/uploads/elementor/google-fonts/fonts/poppins-pxibyp8kv8jhgfvrlej6z1xlfq.woff2]
[cashflowpositif.com/wp-content/uploads/elementor/google-fonts/fonts/poppins-pxibyp8kv8jhgfvrlcz7z1jlfc-k.woff2]
[cashflowpositif.com/wp-content/uploads/elementor/google-fonts/fonts/poppins-pxibyp8kv8jhgfvrlcz7z1xlfq.woff2]
[cashflowpositif.com/wp-content/uploads/elementor/google-fonts/fonts/poppins-pxibyp8kv8jhgfvrldd4z1jlfc-k.woff2]
[cashflowpositif.com/wp-content/uploads/elementor/google-fonts/fonts/poppins-pxibyp8kv8jhgfvrldd4z1xlfq.woff2]
[cashflowpositif.com/wp-content/uploads/elementor/google-fonts/fonts/poppins-pxibyp8kv8jhgfvrlbt5z1jlfc-k.woff2]
[cashflowpositif.com/wp-content/uploads/elementor/google-fonts/fonts/poppins-pxibyp8kv8jhgfvrlbt5z1xlfq.woff2]
[cashflowpositif.com/wp-content/uploads/elementor/google-fonts/css/poppins64f2.css]
[cashflowpositif.com/wp-content/plugins/elementskit-lite/modules/elementskit-icon-pack/assets/fonts/elementskitf60a.woff]
[cashflowpositif.com/wp-content/plugins/elementskit-lite/modules/elementskit-icon-pack/assets/css/ekiticons87e3.css]
[cashflowpositif.com/wp-content/plugins/jeg-elementor-kit/assets/fonts/jkiticon/jkiticon7107.woff2]
[cashflowpositif.com/wp-content/plugins/jeg-elementor-kit/assets/fonts/jkiticon/jkiticon7107.eot]
[cashflowpositif.com/wp-content/plugins/jeg-elementor-kit/assets/fonts/jkiticon/jkiticon7107.woff]
[cashflowpositif.com/wp-content/plugins/jeg-elementor-kit/assets/fonts/jkiticon/jkiticon7107.ttf]
[cashflowpositif.com/wp-content/plugins/jeg-elementor-kit/assets/fonts/jkiticon/jkiticon41fe.css]
[cashflowpositif.com/wp-content/plugins/jeg-elementor-kit/assets/fonts/jkiticon/jkiticon7107.svg]
[cashflowpositif.com/wp-content/plugins/skyboot-custom-icons-for-elementor/assets/fonts/themify9f24.eot]
[cashflowpositif.com/wp-content/plugins/skyboot-custom-icons-for-elementor/assets/css//fonts/themifyd41d.eot]
[cashflowpositif.com/wp-content/plugins/skyboot-custom-icons-for-elementor/assets/fonts/themify9f24.woff]
[cashflowpositif.com/wp-content/plugins/skyboot-custom-icons-for-elementor/assets/fonts/themify9f24.ttf]
[cashflowpositif.com/wp-content/plugins/skyboot-custom-icons-for-elementor/assets/css/themifyf488.css]
[cashflowpositif.com/wp-content/plugins/skyboot-custom-icons-for-elementor/assets/fonts/themify9f24.svg]
[cashflowpositif.com/wp-content/plugins/skyboot-custom-icons-for-elementor/assets/fonts/ElegantIcons.eot]
[cashflowpositif.com/wp-content/plugins/skyboot-custom-icons-for-elementor/assets/fonts/ElegantIconsd41d.eot]
[cashflowpositif.com/wp-content/plugins/skyboot-custom-icons-for-elementor/assets/fonts/ElegantIcons.woff]
[cashflowpositif.com/wp-content/plugins/skyboot-custom-icons-for-elementor/assets/fonts/ElegantIcons.ttf]
[cashflowpositif.com/wp-content/plugins/skyboot-custom-icons-for-elementor/assets/css/elegantf488.css]
[www.googletagmanager.com/gtm5445.html]
[cashflowpositif.com/wp-content/plugins/skyboot-custom-icons-for-elementor/assets/fonts/ElegantIcons.svg]
[cashflowpositif.com/wp-content/uploads/2024/06/Design-sans-titre-min-scaled.jpg]
[cashflowpositif.com/wp-content/plugins/elementor/assets/css/widget-image.min4bf6.css]
[cashflowpositif.com/wp-json/wp/v2/pages/309.json]
[cashflowpositif.com/wp-json/oembed/1.0/embedfac1.json]
[cashflowpositif.com/wp-json/oembed/1.0/embed6af2]
[cashflowpositif.com/wp-content/uploads/2024/06/cropped-Trouvez-un-investissement-immobilier-rentable-en-temps-de-crise-13-158x53.png]
[cashflowpositif.com/wp-content/uploads/2024/07/region-hauts-de-france.png]
[cashflowpositif.com/wp-content/uploads/2024/07/region-nouvelle-aquitaine.png]
[cashflowpositif.com/wp-content/uploads/2024/07/region-bourgogne-franche-comte.png]
[cashflowpositif.com/wp-content/uploads/2024/07/region-auvergne-rhone-alpes.png]
[cashflowpositif.com/wp-content/uploads/2024/07/saint-etienne-img.jpg]
[cashflowpositif.com/wp-content/uploads/2024/07/region-occitanie.png]
[cashflowpositif.com/wp-content/uploads/2024/07/perpignan-img.jpg]
[cashflowpositif.com/projects/window.location.href]
[cashflowpositif.com/projects/index.html]
[cashflowpositif.com/nos-realisations-3-3/index.html]
[cashflowpositif.com/wp-json/wp/v2/pages/15.json]
[cashflowpositif.com/nos-realisations-2-3/index.html]
[cashflowpositif.com/wp-json/oembed/1.0/embed3e79.json]
[cashflowpositif.com/wp-json/oembed/1.0/embedcbcc]
[cashflowpositif.com/wp-content/uploads/elementor/thumbs/banner-bg-img-desktop-qnsyuczvpr02vv2spm0smgmqnu9v31qt0692o91iwg.jpg]
[cashflowpositif.com/wp-content/uploads/2024/05/emilie_vaivrand-min.jpg]
[cashflowpositif.com/wp-content/uploads/2024/05/lea_a-min.png]
[cashflowpositif.com/wp-content/uploads/2024/05/tom_p-min-scaled.jpg]
[cashflowpositif.com/wp-content/uploads/2025/07/Sans-titre-1280-x-1920-px.png]
[cashflowpositif.com/wp-content/uploads/2025/07/3-683x1024.png]
[cashflowpositif.com/wp-content/uploads/2025/03/Kilian-NB-34.jpg]
[cashflowpositif.com/wp-content/uploads/2025/07/Sans-titre-1280-x-1920-px-1.png]
[cashflowpositif.com/wp-content/uploads/2024/05/ianis_l-min-scaled.jpg]
[cashflowpositif.com/equipe-cash-flow-positif/window.location.href]
[cashflowpositif.com/equipe-cash-flow-positif/index.html]
[cashflowpositif.com/wp-content/plugins/elementor/assets/lib/animations/styles/fadeInLeft.min4bf6.css]
[cashflowpositif.com/wp-content/plugins/elementor/assets/lib/animations/styles/fadeInRight.min4bf6.css]
[cashflowpositif.com/wp-content/plugins/elementor-pro/assets/css/widget-price-list.min7ddb.css]
[cashflowpositif.com/wp-json/wp/v2/pages/13.json]
[cashflowpositif.com/wp-json/oembed/1.0/embedf755.json]
[cashflowpositif.com/wp-json/oembed/1.0/embeddbfa]
[cashflowpositif.com/about/window.location.href]
[cashflowpositif.com/about/index.html]
[cashflowpositif.com/wp-content/uploads/2025/09/25-1024x1024.png]
[cashflowpositif.com/articles/page/2/index.html]
[cashflowpositif.com/wp-content/uploads/2025/09/39-1024x1024.png]
[cashflowpositif.com/wp-content/uploads/2025/09/5-1-1024x1024.png]
[cashflowpositif.com/comment-investir-locatif-meuble/index.html]
[cashflowpositif.com/wp-content/uploads/2025/09/8-1-1024x1024.png]
[cashflowpositif.com/category/immobilier/index.html]
[cashflowpositif.com/wp-content/uploads/2025/09/7-1-1024x1024.png]
[cashflowpositif.com/wp-content/uploads/2025/09/1-1-1024x1024.png]
[cashflowpositif.com/wp-content/uploads/2025/08/22-1024x1024.png]
[cashflowpositif.com/comment-investir-locatif-non-meuble/index.html]
[cashflowpositif.com/jeunes-actifs-commencez-investir-retraite-sereine/index.html]
[cashflowpositif.com/wp-content/uploads/2025/09/41-1024x1024.png]
[cashflowpositif.com/construire-patrimoine-immobilier-durable-cash-flow-positif/index.html]
[cashflowpositif.com/wp-content/uploads/2025/07/30-1024x1024.png]
[cashflowpositif.com/elements-amortir-statut-lmp/index.html]
[cashflowpositif.com/gestion-financiere-couple-eviter-pieges-conseils/index.html]
[cashflowpositif.com/articles/window.location.href]
[cashflowpositif.com/articles/index.html]
[cashflowpositif.com/prendre-rendez-vous/index.html]
